Testing RELIANCE...
Testing TCS...
Testing HDFCBANK...
Testing INFY...
Testing WIPRO...
Testing ITC...

=== FINAL PREDICTION RESULTS ===
RELIANCE   | HOLD | Conf: 57.3% | Score: -0.531
    - ML model is neutral (52.0% up probability).
